ping
pong
SGVsbG8gV29ybGQh
Hello World!
hJWmvgAAAAEAAAAAAAAAAAAAAABq
42
< ping
> pong
< ping
> pong
Coucou!
< ping
> pong
< ping
> pong
